
> coldsense-ai@0.0.0 build
> tsc -b && vite build

src/features/batch-traceability/BatchTraceability.tsx(74,42): error TS2339: Property 'products' does not exist on type '{ id: any; batch_code: any; farmer_id: any; product_id: any; harvest_date: any; expiry_date: any; initial_quantity_kg: any; remaining_quantity_kg: any; quality_grade: any; remarks: any; created_at: any; products: { ...; }[]; }[]'.
src/features/batch-traceability/BatchTraceability.tsx(77,18): error TS2345: Argument of type '{ room_id: any; quantity_kg: any; assigned_at: any; product_name: any; length: number; toString(): string; toLocaleString(): string; toLocaleString(locales: string | string[], options?: (NumberFormatOptions & DateTimeFormatOptions) | undefined): string; ... 37 more ...; [Symbol.unscopables]: { ...; }; }[]' is not assignable to parameter of type 'SetStateAction<StorageBatch[]>'.
  Type '{ room_id: any; quantity_kg: any; assigned_at: any; product_name: any; length: number; toString(): string; toLocaleString(): string; toLocaleString(locales: string | string[], options?: (NumberFormatOptions & DateTimeFormatOptions) | undefined): string; ... 37 more ...; [Symbol.unscopables]: { ...; }; }[]' is not assignable to type 'StorageBatch[]'.
    Type '{ room_id: any; quantity_kg: any; assigned_at: any; product_name: any; length: number; toString(): string; toLocaleString(): string; toLocaleString(locales: string | string[], options?: (NumberFormatOptions & DateTimeFormatOptions) | undefined): string; ... 37 more ...; [Symbol.unscopables]: { ...; }; }' is missing the following properties from type 'StorageBatch': id, batch_code, farmer_id, products, and 6 more.
src/features/batch-traceability/OwnerBatchTraceability.tsx(84,44): error TS2339: Property 'products' does not exist on type '{ id: any; batch_code: any; farmer_id: any; product_id: any; harvest_date: any; expiry_date: any; initial_quantity_kg: any; remaining_quantity_kg: any; quality_grade: any; remarks: any; created_at: any; products: { ...; }[]; profiles: { ...; }[]; }[]'.
src/features/dashboard/FarmerDashboard.tsx(108,13): error TS7034: Variable 'pDetails' implicitly has type 'any' in some locations where its type cannot be determined.
src/features/dashboard/FarmerDashboard.tsx(124,21): error TS7005: Variable 'pDetails' implicitly has an 'any' type.
src/features/dashboard/FarmerDashboard.tsx(515,29): error TS2739: Type '{ value: any; min: number; max: number; label: string; }' is missing the following properties from type 'GaugeProps': unit, gradientColors
src/features/dashboard/FarmerDashboard.tsx(523,29): error TS2739: Type '{ value: any; min: number; max: number; label: string; }' is missing the following properties from type 'GaugeProps': unit, gradientColors
src/features/finance/FarmerFinance.tsx(74,42): error TS2339: Property 'products' does not exist on type '{ product_id: any; initial_quantity_kg: any; products: { name: any; }[]; }[]'.
src/features/finance/FarmerFinance.tsx(75,54): error TS2339: Property 'initial_quantity_kg' does not exist on type '{ product_id: any; initial_quantity_kg: any; products: { name: any; }[]; }[]'.
src/features/inventory/OwnerInventory.tsx(91,42): error TS2339: Property 'products' does not exist on type '{ id: any; batch_code: any; farmer_id: any; product_id: any; harvest_date: any; expiry_date: any; initial_quantity_kg: any; remaining_quantity_kg: any; quality_grade: any; remarks: any; created_at: any; products: { ...; }[]; }[]'.
src/features/market-intelligence/FarmerMarketIntelligence.tsx(58,78): error TS2339: Property 'products' does not exist on type '{ product_id: any; products: { name: any; }[]; }[]'.
src/features/monitoring/OwnerMonitoring.tsx(81,31): error TS2339: Property 'room_id' does not exist on type '{ quantity_kg: any; assigned_at: any; removed_at: any; batches: { id: any; batch_code: any; farmer_id: any; product_id: any; harvest_date: any; expiry_date: any; initial_quantity_kg: any; remaining_quantity_kg: any; quality_grade: any; remarks: any; created_at: any; profiles: { ...; }[]; }[]; }'.
src/features/monitoring/OwnerMonitoring.tsx(84,49): error TS2339: Property 'farmer_id' does not exist on type '{ id: any; batch_code: any; farmer_id: any; product_id: any; harvest_date: any; expiry_date: any; initial_quantity_kg: any; remaining_quantity_kg: any; quality_grade: any; remarks: any; created_at: any; profiles: { ...; }[]; }[]'.
src/features/orders/FarmerOrders.tsx(61,56): error TS2339: Property 'room_name' does not exist on type '{ room_name: any; }[]'.
src/features/orders/FarmerOrders.tsx(64,47): error TS2339: Property 'products' does not exist on type '{ id: any; batch_code: any; farmer_id: any; product_id: any; harvest_date: any; expiry_date: any; initial_quantity_kg: any; remaining_quantity_kg: any; quality_grade: any; remarks: any; created_at: any; products: { ...; }[]; }[]'.
src/features/price-calculator/FarmerPriceCalculator.tsx(84,34): error TS2339: Property 'room_id' does not exist on type '{ quantity_kg: any; assigned_at: any; removed_at: any; batches: { id: any; batch_code: any; farmer_id: any; product_id: any; harvest_date: any; expiry_date: any; initial_quantity_kg: any; remaining_quantity_kg: any; quality_grade: any; remarks: any; created_at: any; products: { ...; }[]; }[]; }'.
src/features/price-calculator/FarmerPriceCalculator.tsx(87,42): error TS2339: Property 'products' does not exist on type '{ id: any; batch_code: any; farmer_id: any; product_id: any; harvest_date: any; expiry_date: any; initial_quantity_kg: any; remaining_quantity_kg: any; quality_grade: any; remarks: any; created_at: any; products: { ...; }[]; }[]'.
src/features/stakeholder/StakeholderDistrict.tsx(65,50): error TS2339: Property 'districts' does not exist on type '{ districts: { name: any; states: { name: any; }[]; }[]; }[]'.
